Archive member included to satisfy reference by file (symbol)

c:/eclipse/gnu mcu eclipse/arm embedded gcc/bin/../lib/gcc/arm-none-eabi/9.2.1/../../../../arm-none-eabi/lib/thumb/v7e-m+fp/hard\libc_nano.a(lib_a-exit.o)
                              c:/eclipse/gnu mcu eclipse/arm embedded gcc/bin/../lib/gcc/arm-none-eabi/9.2.1/../../../../arm-none-eabi/lib/thumb/v7e-m+fp/hard/crt0.o (exit)
c:/eclipse/gnu mcu eclipse/arm embedded gcc/bin/../lib/gcc/arm-none-eabi/9.2.1/../../../../arm-none-eabi/lib/thumb/v7e-m+fp/hard\libc_nano.a(lib_a-impure.o)
                              c:/eclipse/gnu mcu eclipse/arm embedded gcc/bin/../lib/gcc/arm-none-eabi/9.2.1/../../../../arm-none-eabi/lib/thumb/v7e-m+fp/hard\libc_nano.a(lib_a-exit.o) (_global_impure_ptr)
c:/eclipse/gnu mcu eclipse/arm embedded gcc/bin/../lib/gcc/arm-none-eabi/9.2.1/../../../../arm-none-eabi/lib/thumb/v7e-m+fp/hard\libc_nano.a(lib_a-init.o)
                              c:/eclipse/gnu mcu eclipse/arm embedded gcc/bin/../lib/gcc/arm-none-eabi/9.2.1/../../../../arm-none-eabi/lib/thumb/v7e-m+fp/hard/crt0.o (__libc_init_array)
c:/eclipse/gnu mcu eclipse/arm embedded gcc/bin/../lib/gcc/arm-none-eabi/9.2.1/../../../../arm-none-eabi/lib/thumb/v7e-m+fp/hard\libc_nano.a(lib_a-memcpy-stub.o)
                              _build/nrf52832_xxaa/nrf_atfifo.c.o (memcpy)
c:/eclipse/gnu mcu eclipse/arm embedded gcc/bin/../lib/gcc/arm-none-eabi/9.2.1/../../../../arm-none-eabi/lib/thumb/v7e-m+fp/hard\libc_nano.a(lib_a-memset.o)
                              c:/eclipse/gnu mcu eclipse/arm embedded gcc/bin/../lib/gcc/arm-none-eabi/9.2.1/../../../../arm-none-eabi/lib/thumb/v7e-m+fp/hard/crt0.o (memset)
c:/eclipse/gnu mcu eclipse/arm embedded gcc/bin/../lib/gcc/arm-none-eabi/9.2.1/../../../../arm-none-eabi/lib/thumb/v7e-m+fp/hard\libc_nano.a(lib_a-strlen.o)
                              _build/nrf52832_xxaa/nrf_fprintf_format.c.o (strlen)
c:/eclipse/gnu mcu eclipse/arm embedded gcc/bin/../lib/gcc/arm-none-eabi/9.2.1/../../../../arm-none-eabi/lib/thumb/v7e-m+fp/hard\libnosys.a(_exit.o)
                              c:/eclipse/gnu mcu eclipse/arm embedded gcc/bin/../lib/gcc/arm-none-eabi/9.2.1/../../../../arm-none-eabi/lib/thumb/v7e-m+fp/hard\libc_nano.a(lib_a-exit.o) (_exit)
c:/eclipse/gnu mcu eclipse/arm embedded gcc/bin/../lib/gcc/arm-none-eabi/9.2.1/thumb/v7e-m+fp/hard\libgcc.a(unwind-arm.o)
                              _build/nrf52832_xxaa/main.cpp.o (__aeabi_unwind_cpp_pr0)
c:/eclipse/gnu mcu eclipse/arm embedded gcc/bin/../lib/gcc/arm-none-eabi/9.2.1/thumb/v7e-m+fp/hard\libgcc.a(libunwind.o)
                              c:/eclipse/gnu mcu eclipse/arm embedded gcc/bin/../lib/gcc/arm-none-eabi/9.2.1/thumb/v7e-m+fp/hard\libgcc.a(unwind-arm.o) (restore_core_regs)
c:/eclipse/gnu mcu eclipse/arm embedded gcc/bin/../lib/gcc/arm-none-eabi/9.2.1/thumb/v7e-m+fp/hard\libgcc.a(pr-support.o)
                              c:/eclipse/gnu mcu eclipse/arm embedded gcc/bin/../lib/gcc/arm-none-eabi/9.2.1/thumb/v7e-m+fp/hard\libgcc.a(unwind-arm.o) (__gnu_unwind_execute)
c:/eclipse/gnu mcu eclipse/arm embedded gcc/bin/../lib/gcc/arm-none-eabi/9.2.1/../../../../arm-none-eabi/lib/thumb/v7e-m+fp/hard\libg_nano.a(lib_a-abort.o)
                              c:/eclipse/gnu mcu eclipse/arm embedded gcc/bin/../lib/gcc/arm-none-eabi/9.2.1/thumb/v7e-m+fp/hard\libgcc.a(unwind-arm.o) (abort)
c:/eclipse/gnu mcu eclipse/arm embedded gcc/bin/../lib/gcc/arm-none-eabi/9.2.1/../../../../arm-none-eabi/lib/thumb/v7e-m+fp/hard\libg_nano.a(lib_a-signal.o)
                              c:/eclipse/gnu mcu eclipse/arm embedded gcc/bin/../lib/gcc/arm-none-eabi/9.2.1/../../../../arm-none-eabi/lib/thumb/v7e-m+fp/hard\libg_nano.a(lib_a-abort.o) (raise)
c:/eclipse/gnu mcu eclipse/arm embedded gcc/bin/../lib/gcc/arm-none-eabi/9.2.1/../../../../arm-none-eabi/lib/thumb/v7e-m+fp/hard\libg_nano.a(lib_a-signalr.o)
                              c:/eclipse/gnu mcu eclipse/arm embedded gcc/bin/../lib/gcc/arm-none-eabi/9.2.1/../../../../arm-none-eabi/lib/thumb/v7e-m+fp/hard\libg_nano.a(lib_a-signal.o) (_kill_r)
c:/eclipse/gnu mcu eclipse/arm embedded gcc/bin/../lib/gcc/arm-none-eabi/9.2.1/../../../../arm-none-eabi/lib/thumb/v7e-m+fp/hard\libg_nano.a(lib_a-nano-mallocr.o)
                              c:/eclipse/gnu mcu eclipse/arm embedded gcc/bin/../lib/gcc/arm-none-eabi/9.2.1/../../../../arm-none-eabi/lib/thumb/v7e-m+fp/hard\libg_nano.a(lib_a-signal.o) (_malloc_r)
c:/eclipse/gnu mcu eclipse/arm embedded gcc/bin/../lib/gcc/arm-none-eabi/9.2.1/../../../../arm-none-eabi/lib/thumb/v7e-m+fp/hard\libg_nano.a(lib_a-reent.o)
                              c:/eclipse/gnu mcu eclipse/arm embedded gcc/bin/../lib/gcc/arm-none-eabi/9.2.1/../../../../arm-none-eabi/lib/thumb/v7e-m+fp/hard\libg_nano.a(lib_a-signalr.o) (errno)
c:/eclipse/gnu mcu eclipse/arm embedded gcc/bin/../lib/gcc/arm-none-eabi/9.2.1/../../../../arm-none-eabi/lib/thumb/v7e-m+fp/hard\libg_nano.a(lib_a-sbrkr.o)
[...]
Memory Configuration

Name             Origin             Length             Attributes
FLASH            0x0000000000026000 0x000000000005a000 xr
RAM              0x0000000020002a98 0x000000000000d568 xrw
*default*        0x0000000000000000 0xffffffffffffffff

Linker script and memory map


.text           0x0000000000026000     0x1ab8
 *(.isr_vector)
 .isr_vector    0x0000000000026000      0x200 _build/nrf52832_xxaa/gcc_startup_nrf52.S.o
                0x0000000000026000                __isr_vector
 *(.text*)
 .text.__do_global_dtors_aux
                0x0000000000026200       0x24 c:/eclipse/gnu mcu eclipse/arm embedded gcc/bin/../lib/gcc/arm-none-eabi/9.2.1/thumb/v7e-m+fp/hard/crtbegin.o
 .text.frame_dummy
                0x0000000000026224       0x1c c:/eclipse/gnu mcu eclipse/arm embedded gcc/bin/../lib/gcc/arm-none-eabi/9.2.1/thumb/v7e-m+fp/hard/crtbegin.o
 .text          0x0000000000026240       0x74 c:/eclipse/gnu mcu eclipse/arm embedded gcc/bin/../lib/gcc/arm-none-eabi/9.2.1/../../../../arm-none-eabi/lib/thumb/v7e-m+fp/hard/crt0.o
                0x0000000000026240                _start
                0x0000000000026240                _mainCRTStartup
 .text          0x00000000000262b4       0x3c _build/nrf52832_xxaa/gcc_startup_nrf52.S.o
                0x00000000000262b4                Reset_Handler
                0x00000000000262dc                NMI_Handler
                0x00000000000262de                HardFault_Handler
                0x00000000000262e0                MemoryManagement_Handler
                0x00000000000262e2                BusFault_Handler
                0x00000000000262e4                UsageFault_Handler
                0x00000000000262e6                SVC_Handler
                0x00000000000262e8                DebugMon_Handler
                0x00000000000262ea                PendSV_Handler
                0x00000000000262ec                SysTick_Handler
                0x00000000000262ee                SWI0_EGU0_IRQHandler
                0x00000000000262ee                POWER_CLOCK_IRQHandler
                0x00000000000262ee                RADIO_IRQHandler
                0x00000000000262ee                PWM1_IRQHandler
                0x00000000000262ee                TEMP_IRQHandler
                0x00000000000262ee                QDEC_IRQHandler
                0x00000000000262ee                TIMER3_IRQHandler
                0x00000000000262ee                FPU_IRQHandler
                0x00000000000262ee                SPIM0_SPIS0_TWIM0_TWIS0_SPI0_TWI0_IRQHandler
                0x00000000000262ee                PDM_IRQHandler
                0x00000000000262ee                TIMER4_IRQHandler
                0x00000000000262ee                I2S_IRQHandler
                0x00000000000262ee                RTC0_IRQHandler
                0x00000000000262ee                TIMER0_IRQHandler
                0x00000000000262ee                SWI2_EGU2_IRQHandler
                0x00000000000262ee                TIMER1_IRQHandler
                0x00000000000262ee                PWM2_IRQHandler
                0x00000000000262ee                ECB_IRQHandler
                0x00000000000262ee                SPIM1_SPIS1_TWIM1_TWIS1_SPI1_TWI1_IRQHandler
                0x00000000000262ee                Default_Handler
                0x00000000000262ee                SAADC_IRQHandler
                0x00000000000262ee                CCM_AAR_IRQHandler
                0x00000000000262ee                WDT_IRQHandler
                0x00000000000262ee                GPIOTE_IRQHandler
                0x00000000000262ee                SWI5_EGU5_IRQHandler
                0x00000000000262ee                RNG_IRQHandler
                0x00000000000262ee                RTC2_IRQHandler
                0x00000000000262ee                PWM0_IRQHandler
                0x00000000000262ee                SWI3_EGU3_IRQHandler
                0x00000000000262ee                RTC1_IRQHandler
                0x00000000000262ee                SWI1_EGU1_IRQHandler
                0x00000000000262ee                SPIM2_SPIS2_SPI2_IRQHandler
                0x00000000000262ee                NFCT_IRQHandler
                0x00000000000262ee                SWI4_EGU4_IRQHandler
                0x00000000000262ee                MWU_IRQHandler
                0x00000000000262ee                TIMER2_IRQHandler
                0x00000000000262ee                COMP_LPCOMP_IRQHandler
 .text.SystemInit
                0x00000000000262f0      0x3b4 _build/nrf52832_xxaa/system_nrf52.c.o
                0x00000000000262f0                SystemInit
 .text.UARTE0_UART0_IRQHandler
                0x00000000000266a4      0x1c4 _build/nrf52832_xxaa/nrfx_uart.c.o
                0x00000000000266a4                UARTE0_UART0_IRQHandler
 .text.startup.main
                0x0000000000026868       0x50 _build/nrf52832_xxaa/main.cpp.o
                0x0000000000026868                main
 .text._ZN5_TWIS9initTWIS0Ehhh
                0x00000000000268b8       0x48 _build/nrf52832_xxaa/TWIS.cpp.o
                0x00000000000268b8                _TWIS::initTWIS0(unsigned char, unsigned char, unsigned char)
 .text._ZN5_TWIS10writeByte0EPhh
                0x0000000000026900      0x104 _build/nrf52832_xxaa/TWIS.cpp.o
                0x0000000000026900                _TWIS::writeByte0(unsigned char*, unsigned char)
 .text._ZN5_TWIS9readByte0EPhS0_
                0x0000000000026a04      0x108 _build/nrf52832_xxaa/TWIS.cpp.o
                0x0000000000026a04                _TWIS::readByte0(unsigned char*, unsigned char*)
 .text.exit     0x0000000000026b0c       0x28 c:/eclipse/gnu mcu eclipse/arm embedded gcc/bin/../lib/gcc/arm-none-eabi/9.2.1/../../../../arm-none-eabi/lib/thumb/v7e-m+fp/hard\libc_nano.a(lib_a-exit.o)
                0x0000000000026b0c                exit
 .text.__libc_init_array
                0x0000000000026b34       0x48 c:/eclipse/gnu mcu eclipse/arm embedded gcc/bin/../lib/gcc/arm-none-eabi/9.2.1/../../../../arm-none-eabi/lib/thumb/v7e-m+fp/hard\libc_nano.a(lib_a-init.o)
                0x0000000000026b34                __libc_init_array
 .text.memcpy   0x0000000000026b7c       0x1c c:/eclipse/gnu mcu eclipse/arm embedded gcc/bin/../lib/gcc/arm-none-eabi/9.2.1/../../../../arm-none-eabi/lib/thumb/v7e-m+fp/hard\libc_nano.a(lib_a-memcpy-stub.o)
                0x0000000000026b7c                memcpy
 .text.memset   0x0000000000026b98       0x10 c:/eclipse/gnu mcu eclipse/arm embedded gcc/bin/../lib/gcc/arm-none-eabi/9.2.1/../../../../arm-none-eabi/lib/thumb/v7e-m+fp/hard\libc_nano.a(lib_a-memset.o)
                0x0000000000026b98                memset
 .text._exit    0x0000000000026ba8        0x4 c:/eclipse/gnu mcu eclipse/arm embedded gcc/bin/../lib/gcc/arm-none-eabi/9.2.1/../../../../arm-none-eabi/lib/thumb/v7e-m+fp/hard\libnosys.a(_exit.o)
                0x0000000000026ba8                _exit
 .text.selfrel_offset31
                0x0000000000026bac       0x14 c:/eclipse/gnu mcu eclipse/arm embedded gcc/bin/../lib/gcc/arm-none-eabi/9.2.1/thumb/v7e-m+fp/hard\libgcc.a(unwind-arm.o)
 .text.search_EIT_table
                0x0000000000026bc0       0x5c c:/eclipse/gnu mcu eclipse/arm embedded gcc/bin/../lib/gcc/arm-none-eabi/9.2.1/thumb/v7e-m+fp/hard\libgcc.a(unwind-arm.o)
 .text.__gnu_unwind_get_pr_addr
                0x0000000000026c1c       0x28 c:/eclipse/gnu mcu eclipse/arm embedded gcc/bin/../lib/gcc/arm-none-eabi/9.2.1/thumb/v7e-m+fp/hard\libgcc.a(unwind-arm.o)
 .text.get_eit_entry
                0x0000000000026c44       0x9c c:/eclipse/gnu mcu eclipse/arm embedded gcc/bin/../lib/gcc/arm-none-eabi/9.2.1/thumb/v7e-m+fp/hard\libgcc.a(unwind-arm.o)
 .text.restore_non_core_regs
                0x0000000000026ce0       0x58 c:/eclipse/gnu mcu eclipse/arm embedded gcc/bin/../lib/gcc/arm-none-eabi/9.2.1/thumb/v7e-m+fp/hard\libgcc.a(unwind-arm.o)
 .text._Unwind_decode_typeinfo_ptr.isra.0
                0x0000000000026d38        0xc c:/eclipse/gnu mcu eclipse/arm embedded gcc/bin/../lib/gcc/arm-none-eabi/9.2.1/thumb/v7e-m+fp/hard\libgcc.a(unwind-arm.o)
 .text._Unwind_DebugHook
                0x0000000000026d44        0x4 c:/eclipse/gnu mcu eclipse/arm embedded gcc/bin/../lib/gcc/arm-none-eabi/9.2.1/thumb/v7e-m+fp/hard\libgcc.a(unwind-arm.o)
 .text.unwind_phase2
                0x0000000000026d48       0x3c c:/eclipse/gnu mcu eclipse/arm embedded gcc/bin/../lib/gcc/arm-none-eabi/9.2.1/thumb/v7e-m+fp/hard\libgcc.a(unwind-arm.o)
 .text.unwind_phase2_forced
                0x0000000000026d84       0xcc c:/eclipse/gnu mcu eclipse/arm embedded gcc/bin/../lib/gcc/arm-none-eabi/9.2.1/thumb/v7e-m+fp/hard\libgcc.a(unwind-arm.o)
 .text.__gnu_Unwind_RaiseException
                0x0000000000026e50       0x60 c:/eclipse/gnu mcu eclipse/arm embedded gcc/bin/../lib/gcc/arm-none-eabi/9.2.1/thumb/v7e-m+fp/hard\libgcc.a(unwind-arm.o)
                0x0000000000026e50                __gnu_Unwind_RaiseException
 .text.__gnu_Unwind_ForcedUnwind
                0x0000000000026eb0       0x14 c:/eclipse/gnu mcu eclipse/arm embedded gcc/bin/../lib/gcc/arm-none-eabi/9.2.1/thumb/v7e-m+fp/hard\libgcc.a(unwind-arm.o)
                0x0000000000026eb0                __gnu_Unwind_ForcedUnwind
 .text.__gnu_Unwind_Resume
                0x0000000000026ec4       0x44 c:/eclipse/gnu mcu eclipse/arm embedded gcc/bin/../lib/gcc/arm-none-eabi/9.2.1/thumb/v7e-m+fp/hard\libgcc.a(unwind-arm.o)
                0x0000000000026ec4                __gnu_Unwind_Resume
 .text.__gnu_Unwind_Resume_or_Rethrow
                0x0000000000026f08       0x14 c:/eclipse/gnu mcu eclipse/arm embedded gcc/bin/../lib/gcc/arm-none-eabi/9.2.1/thumb/v7e-m+fp/hard\libgcc.a(unwind-arm.o)
                0x0000000000026f08                __gnu_Unwind_Resume_or_Rethrow
 .text._Unwind_VRS_Get
                0x0000000000026f1c       0x30 c:/eclipse/gnu mcu eclipse/arm embedded gcc/bin/../lib/gcc/arm-none-eabi/9.2.1/thumb/v7e-m+fp/hard\libgcc.a(unwind-arm.o)
                0x0000000000026f1c                _Unwind_VRS_Get
 .text._Unwind_GetGR
                0x0000000000026f4c       0x18 c:/eclipse/gnu mcu eclipse/arm embedded gcc/bin/../lib/gcc/arm-none-eabi/9.2.1/thumb/v7e-m+fp/hard\libgcc.a(unwind-arm.o)
 .text._Unwind_VRS_Set
                0x0000000000026f64       0x30 c:/eclipse/gnu mcu eclipse/arm embedded gcc/bin/../lib/gcc/arm-none-eabi/9.2.1/thumb/v7e-m+fp/hard\libgcc.a(unwind-arm.o)
                0x0000000000026f64                _Unwind_VRS_Set
 .text._Unwind_SetGR
                0x0000000000026f94       0x18 c:/eclipse/gnu mcu eclipse/arm embedded gcc/bin/../lib/gcc/arm-none-eabi/9.2.1/thumb/v7e-m+fp/hard\libgcc.a(unwind-arm.o)
 .text.__gnu_Unwind_Backtrace
                0x0000000000026fac       0x78 c:/eclipse/gnu mcu eclipse/arm embedded gcc/bin/../lib/gcc/arm-none-eabi/9.2.1/thumb/v7e-m+fp/hard\libgcc.a(unwind-arm.o)
                0x0000000000026fac                __gnu_Unwind_Backtrace
 .text.__gnu_unwind_pr_common
                0x0000000000027024      0x2a8 c:/eclipse/gnu mcu eclipse/arm embedded gcc/bin/../lib/gcc/arm-none-eabi/9.2.1/thumb/v7e-m+fp/hard\libgcc.a(unwind-arm.o)
 .text.__aeabi_unwind_cpp_pr0
                0x00000000000272cc        0x8 c:/eclipse/gnu mcu eclipse/arm embedded gcc/bin/../lib/gcc/arm-none-eabi/9.2.1/thumb/v7e-m+fp/hard\libgcc.a(unwind-arm.o)
                0x00000000000272cc                __aeabi_unwind_cpp_pr0
 .text.__aeabi_unwind_cpp_pr1
                0x00000000000272d4        0x8 c:/eclipse/gnu mcu eclipse/arm embedded gcc/bin/../lib/gcc/arm-none-eabi/9.2.1/thumb/v7e-m+fp/hard\libgcc.a(unwind-arm.o)
                0x00000000000272d4                __aeabi_unwind_cpp_pr1
 .text.__aeabi_unwind_cpp_pr2
                0x00000000000272dc        0x8 c:/eclipse/gnu mcu eclipse/arm embedded gcc/bin/../lib/gcc/arm-none-eabi/9.2.1/thumb/v7e-m+fp/hard\libgcc.a(unwind-arm.o)
                0x00000000000272dc                __aeabi_unwind_cpp_pr2
 .text._Unwind_VRS_Pop
                0x00000000000272e4      0x278 c:/eclipse/gnu mcu eclipse/arm embedded gcc/bin/../lib/gcc/arm-none-eabi/9.2.1/thumb/v7e-m+fp/hard\libgcc.a(unwind-arm.o)
                0x00000000000272e4                _Unwind_VRS_Pop
 .text          0x000000000002755c      0x1ac c:/eclipse/gnu mcu eclipse/arm embedded gcc/bin/../lib/gcc/arm-none-eabi/9.2.1/thumb/v7e-m+fp/hard\libgcc.a(libunwind.o)
                0x000000000002755c                __restore_core_regs
                0x000000000002755c                restore_core_regs
                0x0000000000027574                __gnu_Unwind_Restore_VFP
                0x000000000002757c                __gnu_Unwind_Save_VFP
                0x0000000000027584                __gnu_Unwind_Restore_VFP_D
                0x000000000002758c                __gnu_Unwind_Save_VFP_D
                0x0000000000027594                __gnu_Unwind_Restore_VFP_D_16_to_31
                0x000000000002759c                __gnu_Unwind_Save_VFP_D_16_to_31
                0x00000000000275a4                __gnu_Unwind_Restore_WMMXD
                0x00000000000275e8                __gnu_Unwind_Save_WMMXD
                0x000000000002762c                __gnu_Unwind_Restore_WMMXC
                0x0000000000027640                __gnu_Unwind_Save_WMMXC
                0x0000000000027654                ___Unwind_RaiseException
                0x0000000000027654                _Unwind_RaiseException
                0x0000000000027678                _Unwind_Resume
                0x0000000000027678                ___Unwind_Resume
                0x000000000002769c                _Unwind_Resume_or_Rethrow
                0x000000000002769c                ___Unwind_Resume_or_Rethrow
                0x00000000000276c0                _Unwind_ForcedUnwind
                0x00000000000276c0                ___Unwind_ForcedUnwind
                0x00000000000276e4                ___Unwind_Backtrace
                0x00000000000276e4                _Unwind_Backtrace
 .text.next_unwind_byte
                0x0000000000027708       0x38 c:/eclipse/gnu mcu eclipse/arm embedded gcc/bin/../lib/gcc/arm-none-eabi/9.2.1/thumb/v7e-m+fp/hard\libgcc.a(pr-support.o)
 .text.__gnu_unwind_execute
                0x0000000000027740      0x29c c:/eclipse/gnu mcu eclipse/arm embedded gcc/bin/../lib/gcc/arm-none-eabi/9.2.1/thumb/v7e-m+fp/hard\libgcc.a(pr-support.o)
                0x0000000000027740                __gnu_unwind_execute
 .text.abort    0x00000000000279dc        0xe c:/eclipse/gnu mcu eclipse/arm embedded gcc/bin/../lib/gcc/arm-none-eabi/9.2.1/../../../../arm-none-eabi/lib/thumb/v7e-m+fp/hard\libg_nano.a(lib_a-abort.o)
                0x00000000000279dc                abort
 .text._raise_r
                0x00000000000279ea       0x50 c:/eclipse/gnu mcu eclipse/arm embedded gcc/bin/../lib/gcc/arm-none-eabi/9.2.1/../../../../arm-none-eabi/lib/thumb/v7e-m+fp/hard\libg_nano.a(lib_a-signal.o)
                0x00000000000279ea                _raise_r
 *fill*         0x0000000000027a3a        0x2 
 .text.raise    0x0000000000027a3c       0x10 c:/eclipse/gnu mcu eclipse/arm embedded gcc/bin/../lib/gcc/arm-none-eabi/9.2.1/../../../../arm-none-eabi/lib/thumb/v7e-m+fp/hard\libg_nano.a(lib_a-signal.o)
                0x0000000000027a3c                raise
 .text._kill_r  0x0000000000027a4c       0x24 c:/eclipse/gnu mcu eclipse/arm embedded gcc/bin/../lib/gcc/arm-none-eabi/9.2.1/../../../../arm-none-eabi/lib/thumb/v7e-m+fp/hard\libg_nano.a(lib_a-signalr.o)
                0x0000000000027a4c                _kill_r
 .text._getpid_r
                0x0000000000027a70        0x4 c:/eclipse/gnu mcu eclipse/arm embedded gcc/bin/../lib/gcc/arm-none-eabi/9.2.1/../../../../arm-none-eabi/lib/thumb/v7e-m+fp/hard\libg_nano.a(lib_a-signalr.o)
                0x0000000000027a70                _getpid_r
 .text._getpid  0x0000000000027a74       0x10 c:/eclipse/gnu mcu eclipse/arm embedded gcc/bin/../lib/gcc/arm-none-eabi/9.2.1/../../../../arm-none-eabi/lib/thumb/v7e-m+fp/hard\libnosys.a(getpid.o)
                0x0000000000027a74                _getpid
 .text._kill    0x0000000000027a84       0x10 c:/eclipse/gnu mcu eclipse/arm embedded gcc/bin/../lib/gcc/arm-none-eabi/9.2.1/../../../../arm-none-eabi/lib/thumb/v7e-m+fp/hard\libnosys.a(kill.o)
                0x0000000000027a84                _kill
 *(.init)
 .init          0x0000000000027a94        0x4 c:/eclipse/gnu mcu eclipse/arm embedded gcc/bin/../lib/gcc/arm-none-eabi/9.2.1/thumb/v7e-m+fp/hard/crti.o
                0x0000000000027a94                _init
 .init          0x0000000000027a98        0x8 c:/eclipse/gnu mcu eclipse/arm embedded gcc/bin/../lib/gcc/arm-none-eabi/9.2.1/thumb/v7e-m+fp/hard/crtn.o
 *(.fini)
 .fini          0x0000000000027aa0        0x4 c:/eclipse/gnu mcu eclipse/arm embedded gcc/bin/../lib/gcc/arm-none-eabi/9.2.1/thumb/v7e-m+fp/hard/crti.o
                0x0000000000027aa0                _fini
 .fini          0x0000000000027aa4        0x8 c:/eclipse/gnu mcu eclipse/arm embedded gcc/bin/../lib/gcc/arm-none-eabi/9.2.1/thumb/v7e-m+fp/hard/crtn.o
 *crtbegin.o(.ctors)
 *crtbegin?.o(.ctors)
 *(EXCLUDE_FILE(*crtend.o *crtend?.o) .ctors)
 *(SORT_BY_NAME(.ctors.*))
 *(.ctors)
 *crtbegin.o(.dtors)
 *crtbegin?.o(.dtors)
 *(EXCLUDE_FILE(*crtend.o *crtend?.o) .dtors)
 *(SORT_BY_NAME(.dtors.*))
 *(.dtors)
 *(.rodata*)
 .rodata.main.str1.4
                0x0000000000027aac        0x4 _build/nrf52832_xxaa/main.cpp.o
 .rodata._global_impure_ptr
                0x0000000000027ab0        0x4 c:/eclipse/gnu mcu eclipse/arm embedded gcc/bin/../lib/gcc/arm-none-eabi/9.2.1/../../../../arm-none-eabi/lib/thumb/v7e-m+fp/hard\libc_nano.a(lib_a-impure.o)
                0x0000000000027ab0                _global_impure_ptr
 *(.eh_frame*)
 .eh_frame      0x0000000000027ab4        0x0 c:/eclipse/gnu mcu eclipse/arm embedded gcc/bin/../lib/gcc/arm-none-eabi/9.2.1/thumb/v7e-m+fp/hard/crtbegin.o
 .eh_frame      0x0000000000027ab4        0x4 c:/eclipse/gnu mcu eclipse/arm embedded gcc/bin/../lib/gcc/arm-none-eabi/9.2.1/thumb/v7e-m+fp/hard/crtend.o

.glue_7         0x0000000000027ab8        0x0
 .glue_7        0x0000000000027ab8        0x0 linker stubs

.glue_7t        0x0000000000027ab8        0x0
 .glue_7t       0x0000000000027ab8        0x0 linker stubs

.vfp11_veneer   0x0000000000027ab8        0x0
 .vfp11_veneer  0x0000000000027ab8        0x0 linker stubs

.v4_bx          0x0000000000027ab8        0x0
 .v4_bx         0x0000000000027ab8        0x0 linker stubs

.iplt           0x0000000000027ab8        0x0
 .iplt          0x0000000000027ab8        0x0 c:/eclipse/gnu mcu eclipse/arm embedded gcc/bin/../lib/gcc/arm-none-eabi/9.2.1/thumb/v7e-m+fp/hard/crtbegin.o

.mem_section_dummy_rom

.sdh_ant_observers
                0x0000000000027ab8        0x0
                [!provide]                        PROVIDE (__start_sdh_ant_observers = .)
 *(SORT_BY_NAME(.sdh_ant_observers*))
                [!provide]                        PROVIDE (__stop_sdh_ant_observers = .)

.sdh_ble_observers
                0x0000000000027ab8        0x0
                [!provide]                        PROVIDE (__start_sdh_ble_observers = .)
 *(SORT_BY_NAME(.sdh_ble_observers*))
                [!provide]                        PROVIDE (__stop_sdh_ble_observers = .)

.sdh_soc_observers
                0x0000000000027ab8        0x0
                [!provide]                        PROVIDE (__start_sdh_soc_observers = .)
 *(SORT_BY_NAME(.sdh_soc_observers*))
                [!provide]                        PROVIDE (__stop_sdh_soc_observers = .)

.sdh_req_observers
                0x0000000000027ab8        0x0
                [!provide]                        PROVIDE (__start_sdh_req_observers = .)
 *(SORT_BY_NAME(.sdh_req_observers*))
                [!provide]                        PROVIDE (__stop_sdh_req_observers = .)

.sdh_state_observers
                0x0000000000027ab8        0x0
                [!provide]                        PROVIDE (__start_sdh_state_observers = .)
 *(SORT_BY_NAME(.sdh_state_observers*))
                [!provide]                        PROVIDE (__stop_sdh_state_observers = .)

.sdh_stack_observers
                0x0000000000027ab8        0x0
                [!provide]                        PROVIDE (__start_sdh_stack_observers = .)
 *(SORT_BY_NAME(.sdh_stack_observers*))
                [!provide]                        PROVIDE (__stop_sdh_stack_observers = .)

.log_const_data
                0x0000000000027ab8        0x0
                [!provide]                        PROVIDE (__start_log_const_data = .)
 *(SORT_BY_NAME(.log_const_data*))
                [!provide]                        PROVIDE (__stop_log_const_data = .)

.nrf_balloc     0x0000000000027ab8        0x0
                [!provide]                        PROVIDE (__start_nrf_balloc = .)
 *(.nrf_balloc)
                [!provide]                        PROVIDE (__stop_nrf_balloc = .)

.nrf_queue      0x0000000000027ab8        0x0
                [!provide]                        PROVIDE (__start_nrf_queue = .)
 *(.nrf_queue)
                [!provide]                        PROVIDE (__stop_nrf_queue = .)

.cli_command    0x0000000000027ab8        0x0
                [!provide]                        PROVIDE (__start_cli_command = .)
 *(.cli_command)
                [!provide]                        PROVIDE (__stop_cli_command = .)

.crypto_data    0x0000000000027ab8        0x0
                [!provide]                        PROVIDE (__start_crypto_data = .)
 *(SORT_BY_NAME(.crypto_data*))
                [!provide]                        PROVIDE (__stop_crypto_data = .)

.pwr_mgmt_data  0x0000000000027ab8        0x0
                [!provide]                        PROVIDE (__start_pwr_mgmt_data = .)
 *(SORT_BY_NAME(.pwr_mgmt_data*))
                [!provide]                        PROVIDE (__stop_pwr_mgmt_data = .)

.log_backends   0x0000000000027ab8        0x0
                [!provide]                        PROVIDE (__start_log_backends = .)
 *(SORT_BY_NAME(.log_backends*))
                [!provide]                        PROVIDE (__stop_log_backends = .)

.ARM.extab
 *(.ARM.extab* .gnu.linkonce.armextab.*)
                0x0000000000027ab8                __exidx_start = .

.ARM.exidx      0x0000000000027ab8       0x98
 *(.ARM.exidx* .gnu.linkonce.armexidx.*)
 .ARM.exidx     0x0000000000027ab8        0x8 c:/eclipse/gnu mcu eclipse/arm embedded gcc/bin/../lib/gcc/arm-none-eabi/9.2.1/../../../../arm-none-eabi/lib/thumb/v7e-m+fp/hard/crt0.o
 .ARM.exidx.text.startup.main
                0x0000000000027ac0        0x8 _build/nrf52832_xxaa/main.cpp.o
 .ARM.exidx.text._ZN5_TWIS9initTWIS0Ehhh
                0x0000000000027ac8        0x8 _build/nrf52832_xxaa/TWIS.cpp.o
 .ARM.exidx.text._ZN5_TWIS10writeByte0EPhh
                0x0000000000027ad0        0x0 _build/nrf52832_xxaa/TWIS.cpp.o
                                          0x8 (size before relaxing)
 .ARM.exidx.text._ZN5_TWIS9readByte0EPhS0_
                0x0000000000027ad0        0x0 _build/nrf52832_xxaa/TWIS.cpp.o
                                          0x8 (size before relaxing)
 .ARM.exidx.text.selfrel_offset31
                0x0000000000027ad0        0x0 c:/eclipse/gnu mcu eclipse/arm embedded gcc/bin/../lib/gcc/arm-none-eabi/9.2.1/thumb/v7e-m+fp/hard\libgcc.a(unwind-arm.o)
                                          0x8 (size before relaxing)
 .ARM.exidx.text.search_EIT_table
                0x0000000000027ad0        0x0 c:/eclipse/gnu mcu eclipse/arm embedded gcc/bin/../lib/gcc/arm-none-eabi/9.2.1/thumb/v7e-m+fp/hard\libgcc.a(unwind-arm.o)
                                          0x8 (size before relaxing)
 .ARM.exidx.text.__gnu_unwind_get_pr_addr
                0x0000000000027ad0        0x0 c:/eclipse/gnu mcu eclipse/arm embedded gcc/bin/../lib/gcc/arm-none-eabi/9.2.1/thumb/v7e-m+fp/hard\libgcc.a(unwind-arm.o)
                                          0x8 (size before relaxing)
 .ARM.exidx.text.get_eit_entry
                0x0000000000027ad0        0x8 c:/eclipse/gnu mcu eclipse/arm embedded gcc/bin/../lib/gcc/arm-none-eabi/9.2.1/thumb/v7e-m+fp/hard\libgcc.a(unwind-arm.o)
 .ARM.exidx.text.restore_non_core_regs
                0x0000000000027ad8        0x8 c:/eclipse/gnu mcu eclipse/arm embedded gcc/bin/../lib/gcc/arm-none-eabi/9.2.1/thumb/v7e-m+fp/hard\libgcc.a(unwind-arm.o)
 .ARM.exidx.text._Unwind_decode_typeinfo_ptr.isra.0
                0x0000000000027ae0        0x8 c:/eclipse/gnu mcu eclipse/arm embedded gcc/bin/../lib/gcc/arm-none-eabi/9.2.1/thumb/v7e-m+fp/hard\libgcc.a(unwind-arm.o)
 .ARM.exidx.text._Unwind_DebugHook
                0x0000000000027ae8        0x0 c:/eclipse/gnu mcu eclipse/arm embedded gcc/bin/../lib/gcc/arm-none-eabi/9.2.1/thumb/v7e-m+fp/hard\libgcc.a(unwind-arm.o)
                                          0x8 (size before relaxing)
 .ARM.exidx.text.unwind_phase2
                0x0000000000027ae8        0x8 c:/eclipse/gnu mcu eclipse/arm embedded gcc/bin/../lib/gcc/arm-none-eabi/9.2.1/thumb/v7e-m+fp/hard\libgcc.a(unwind-arm.o)
 .ARM.exidx.text.unwind_phase2_forced
                0x0000000000027af0        0x8 c:/eclipse/gnu mcu eclipse/arm embedded gcc/bin/../lib/gcc/arm-none-eabi/9.2.1/thumb/v7e-m+fp/hard\libgcc.a(unwind-arm.o)
 .ARM.exidx.text.__gnu_Unwind_RaiseException
                0x0000000000027af8        0x8 c:/eclipse/gnu mcu eclipse/arm embedded gcc/bin/../lib/gcc/arm-none-eabi/9.2.1/thumb/v7e-m+fp/hard\libgcc.a(unwind-arm.o)
 .ARM.exidx.text.__gnu_Unwind_ForcedUnwind
                0x0000000000027b00        0x8 c:/eclipse/gnu mcu eclipse/arm embedded gcc/bin/../lib/gcc/arm-none-eabi/9.2.1/thumb/v7e-m+fp/hard\libgcc.a(unwind-arm.o)
 .ARM.exidx.text.__gnu_Unwind_Resume
                0x0000000000027b08        0x8 c:/eclipse/gnu mcu eclipse/arm embedded gcc/bin/../lib/gcc/arm-none-eabi/9.2.1/thumb/v7e-m+fp/hard\libgcc.a(unwind-arm.o)
 .ARM.exidx.text.__gnu_Unwind_Resume_or_Rethrow
                0x0000000000027b10        0x8 c:/eclipse/gnu mcu eclipse/arm embedded gcc/bin/../lib/gcc/arm-none-eabi/9.2.1/thumb/v7e-m+fp/hard\libgcc.a(unwind-arm.o)
 .ARM.exidx.text._Unwind_VRS_Get
                0x0000000000027b18        0x0 c:/eclipse/gnu mcu eclipse/arm embedded gcc/bin/../lib/gcc/arm-none-eabi/9.2.1/thumb/v7e-m+fp/hard\libgcc.a(unwind-arm.o)
                                          0x8 (size before relaxing)
 .ARM.exidx.text._Unwind_GetGR
                0x0000000000027b18        0x0 c:/eclipse/gnu mcu eclipse/arm embedded gcc/bin/../lib/gcc/arm-none-eabi/9.2.1/thumb/v7e-m+fp/hard\libgcc.a(unwind-arm.o)
                                          0x8 (size before relaxing)
 .ARM.exidx.text._Unwind_VRS_Set
                0x0000000000027b18        0x0 c:/eclipse/gnu mcu eclipse/arm embedded gcc/bin/../lib/gcc/arm-none-eabi/9.2.1/thumb/v7e-m+fp/hard\libgcc.a(unwind-arm.o)
                                          0x8 (size before relaxing)
 .ARM.exidx.text._Unwind_SetGR
                0x0000000000027b18        0x0 c:/eclipse/gnu mcu eclipse/arm embedded gcc/bin/../lib/gcc/arm-none-eabi/9.2.1/thumb/v7e-m+fp/hard\libgcc.a(unwind-arm.o)
                                          0x8 (size before relaxing)
 .ARM.exidx.text.__gnu_Unwind_Backtrace
                0x0000000000027b18        0x8 c:/eclipse/gnu mcu eclipse/arm embedded gcc/bin/../lib/gcc/arm-none-eabi/9.2.1/thumb/v7e-m+fp/hard\libgcc.a(unwind-arm.o)
 .ARM.exidx.text.__gnu_unwind_pr_common
                0x0000000000027b20        0x8 c:/eclipse/gnu mcu eclipse/arm embedded gcc/bin/../lib/gcc/arm-none-eabi/9.2.1/thumb/v7e-m+fp/hard\libgcc.a(unwind-arm.o)
 .ARM.exidx.text.__aeabi_unwind_cpp_pr0
                0x0000000000027b28        0x8 c:/eclipse/gnu mcu eclipse/arm embedded gcc/bin/../lib/gcc/arm-none-eabi/9.2.1/thumb/v7e-m+fp/hard\libgcc.a(unwind-arm.o)
 .ARM.exidx.text.__aeabi_unwind_cpp_pr1
                0x0000000000027b30        0x0 c:/eclipse/gnu mcu eclipse/arm embedded gcc/bin/../lib/gcc/arm-none-eabi/9.2.1/thumb/v7e-m+fp/hard\libgcc.a(unwind-arm.o)
                                          0x8 (size before relaxing)
 .ARM.exidx.text.__aeabi_unwind_cpp_pr2
                0x0000000000027b30        0x0 c:/eclipse/gnu mcu eclipse/arm embedded gcc/bin/../lib/gcc/arm-none-eabi/9.2.1/thumb/v7e-m+fp/hard\libgcc.a(unwind-arm.o)
                                          0x8 (size before relaxing)
 .ARM.exidx.text._Unwind_VRS_Pop
                0x0000000000027b30       0x10 c:/eclipse/gnu mcu eclipse/arm embedded gcc/bin/../lib/gcc/arm-none-eabi/9.2.1/thumb/v7e-m+fp/hard\libgcc.a(unwind-arm.o)
                                          0x8 (size before relaxing)
 .ARM.exidx.text.next_unwind_byte
                0x0000000000027b40        0x0 c:/eclipse/gnu mcu eclipse/arm embedded gcc/bin/../lib/gcc/arm-none-eabi/9.2.1/thumb/v7e-m+fp/hard\libgcc.a(pr-support.o)
                                          0x8 (size before relaxing)
 .ARM.exidx.text.__gnu_unwind_execute
                0x0000000000027b40       0x10 c:/eclipse/gnu mcu eclipse/arm embedded gcc/bin/../lib/gcc/arm-none-eabi/9.2.1/thumb/v7e-m+fp/hard\libgcc.a(pr-support.o)
                                          0x8 (size before relaxing)
                0x0000000000027b50                __exidx_end = .
                0x0000000000027b50                __etext = .

.rel.dyn        0x0000000000027b50        0x0
 .rel.iplt      0x0000000000027b50        0x0 c:/eclipse/gnu mcu eclipse/arm embedded gcc/bin/../lib/gcc/arm-none-eabi/9.2.1/thumb/v7e-m+fp/hard/crtbegin.o

.data           0x0000000020002a98       0x70 load address 0x0000000000027b50
                0x0000000020002a98                __data_start__ = .
 *(vtable)
 *(.data*)
 .data.SystemCoreClock
                0x0000000020002a98        0x4 _build/nrf52832_xxaa/system_nrf52.c.o
                0x0000000020002a98                SystemCoreClock
 .data._impure_ptr
                0x0000000020002a9c        0x4 c:/eclipse/gnu mcu eclipse/arm embedded gcc/bin/../lib/gcc/arm-none-eabi/9.2.1/../../../../arm-none-eabi/lib/thumb/v7e-m+fp/hard\libc_nano.a(lib_a-impure.o)
                0x0000000020002a9c                _impure_ptr
 .data.impure_data
                0x0000000020002aa0       0x60 c:/eclipse/gnu mcu eclipse/arm embedded gcc/bin/../lib/gcc/arm-none-eabi/9.2.1/../../../../arm-none-eabi/lib/thumb/v7e-m+fp/hard\libc_nano.a(lib_a-impure.o)
                0x0000000020002b00                . = ALIGN (0x4)
                0x0000000020002b00                PROVIDE (__preinit_array_start = .)
 *(.preinit_array)
                0x0000000020002b00                PROVIDE (__preinit_array_end = .)
                0x0000000020002b00                . = ALIGN (0x4)
                0x0000000020002b00                PROVIDE (__init_array_start = .)
 *(SORT_BY_NAME(.init_array.*))
 *(.init_array)
 .init_array    0x0000000020002b00        0x4 c:/eclipse/gnu mcu eclipse/arm embedded gcc/bin/../lib/gcc/arm-none-eabi/9.2.1/thumb/v7e-m+fp/hard/crtbegin.o
                0x0000000020002b04                PROVIDE (__init_array_end = .)
                0x0000000020002b04                . = ALIGN (0x4)
                [!provide]                        PROVIDE (__fini_array_start = .)
 *(SORT_BY_NAME(.fini_array.*))
 *(.fini_array)
 .fini_array    0x0000000020002b04        0x4 c:/eclipse/gnu mcu eclipse/arm embedded gcc/bin/../lib/gcc/arm-none-eabi/9.2.1/thumb/v7e-m+fp/hard/crtbegin.o
                [!provide]                        PROVIDE (__fini_array_end = .)
 *(.jcr*)
                0x0000000020002b08                . = ALIGN (0x4)
                0x0000000020002b08                __data_end__ = .
LOAD c:/eclipse/gnu mcu eclipse/arm embedded gcc/bin/../lib/gcc/arm-none-eabi/9.2.1/thumb/v7e-m+fp/hard/crti.o
LOAD c:/eclipse/gnu mcu eclipse/arm embedded gcc/bin/../lib/gcc/arm-none-eabi/9.2.1/thumb/v7e-m+fp/hard/crtbegin.o
LOAD c:/eclipse/gnu mcu eclipse/arm embedded gcc/bin/../lib/gcc/arm-none-eabi/9.2.1/../../../../arm-none-eabi/lib/thumb/v7e-m+fp/hard/crt0.o
LOAD _build/nrf52832_xxaa/gcc_startup_nrf52.S.o
LOAD _build/nrf52832_xxaa/nrf_log_frontend.c.o
LOAD _build/nrf52832_xxaa/nrf_log_str_formatter.c.o
LOAD _build/nrf52832_xxaa/app_button.c.o
LOAD _build/nrf52832_xxaa/app_error.c.o
LOAD _build/nrf52832_xxaa/app_error_handler_gcc.c.o
LOAD _build/nrf52832_xxaa/app_error_weak.c.o
LOAD _build/nrf52832_xxaa/app_fifo.c.o
LOAD _build/nrf52832_xxaa/app_scheduler.c.o
LOAD _build/nrf52832_xxaa/app_uart_fifo.c.o
LOAD _build/nrf52832_xxaa/app_util_platform.c.o
LOAD _build/nrf52832_xxaa/hardfault_implementation.c.o
LOAD _build/nrf52832_xxaa/nrf_assert.c.o
LOAD _build/nrf52832_xxaa/nrf_atfifo.c.o
LOAD _build/nrf52832_xxaa/nrf_atflags.c.o
LOAD _build/nrf52832_xxaa/nrf_atomic.c.o
LOAD _build/nrf52832_xxaa/nrf_balloc.c.o
LOAD _build/nrf52832_xxaa/nrf_fprintf.c.o
LOAD _build/nrf52832_xxaa/nrf_fprintf_format.c.o
LOAD _build/nrf52832_xxaa/nrf_memobj.c.o
LOAD _build/nrf52832_xxaa/nrf_pwr_mgmt.c.o
LOAD _build/nrf52832_xxaa/nrf_ringbuf.c.o
LOAD _build/nrf52832_xxaa/nrf_section_iter.c.o
LOAD _build/nrf52832_xxaa/nrf_strerror.c.o
LOAD _build/nrf52832_xxaa/retarget.c.o
LOAD _build/nrf52832_xxaa/system_nrf52.c.o
LOAD _build/nrf52832_xxaa/nrf_drv_uart.c.o
LOAD _build/nrf52832_xxaa/nrfx_atomic.c.o
LOAD _build/nrf52832_xxaa/nrfx_gpiote.c.o
LOAD _build/nrf52832_xxaa/nrfx_prs.c.o
LOAD _build/nrf52832_xxaa/nrfx_uart.c.o
LOAD _build/nrf52832_xxaa/nrfx_uarte.c.o
LOAD _build/nrf52832_xxaa/main.cpp.o
LOAD _build/nrf52832_xxaa/TWIS.cpp.o
LOAD c:/eclipse/gnu mcu eclipse/arm embedded gcc/bin/../lib/gcc/arm-none-eabi/9.2.1/../../../../arm-none-eabi/lib/thumb/v7e-m+fp/hard\libc_nano.a
LOAD c:/eclipse/gnu mcu eclipse/arm embedded gcc/bin/../lib/gcc/arm-none-eabi/9.2.1/../../../../arm-none-eabi/lib/thumb/v7e-m+fp/hard\libnosys.a
LOAD c:/eclipse/gnu mcu eclipse/arm embedded gcc/bin/../lib/gcc/arm-none-eabi/9.2.1/../../../../arm-none-eabi/lib/thumb/v7e-m+fp/hard\libm.a
START GROUP
LOAD c:/eclipse/gnu mcu eclipse/arm embedded gcc/bin/../lib/gcc/arm-none-eabi/9.2.1/thumb/v7e-m+fp/hard\libgcc.a
LOAD c:/eclipse/gnu mcu eclipse/arm embedded gcc/bin/../lib/gcc/arm-none-eabi/9.2.1/../../../../arm-none-eabi/lib/thumb/v7e-m+fp/hard\libg_nano.a
LOAD c:/eclipse/gnu mcu eclipse/arm embedded gcc/bin/../lib/gcc/arm-none-eabi/9.2.1/../../../../arm-none-eabi/lib/thumb/v7e-m+fp/hard\libc_nano.a
END GROUP
START GROUP
LOAD c:/eclipse/gnu mcu eclipse/arm embedded gcc/bin/../lib/gcc/arm-none-eabi/9.2.1/thumb/v7e-m+fp/hard\libgcc.a
LOAD c:/eclipse/gnu mcu eclipse/arm embedded gcc/bin/../lib/gcc/arm-none-eabi/9.2.1/../../../../arm-none-eabi/lib/thumb/v7e-m+fp/hard\libc_nano.a
END GROUP
LOAD c:/eclipse/gnu mcu eclipse/arm embedded gcc/bin/../lib/gcc/arm-none-eabi/9.2.1/thumb/v7e-m+fp/hard/crtend.o
LOAD c:/eclipse/gnu mcu eclipse/arm embedded gcc/bin/../lib/gcc/arm-none-eabi/9.2.1/thumb/v7e-m+fp/hard/crtn.o
START GROUP
LOAD c:/eclipse/gnu mcu eclipse/arm embedded gcc/bin/../lib/gcc/arm-none-eabi/9.2.1/thumb/v7e-m+fp/hard\libgcc.a
LOAD c:/eclipse/gnu mcu eclipse/arm embedded gcc/bin/../lib/gcc/arm-none-eabi/9.2.1/../../../../arm-none-eabi/lib/thumb/v7e-m+fp/hard\libc.a
LOAD c:/eclipse/gnu mcu eclipse/arm embedded gcc/bin/../lib/gcc/arm-none-eabi/9.2.1/../../../../arm-none-eabi/lib/thumb/v7e-m+fp/hard\libnosys.a
END GROUP

.igot.plt       0x0000000020002b08        0x0 load address 0x0000000000027bc0
 .igot.plt      0x0000000020002b08        0x0 c:/eclipse/gnu mcu eclipse/arm embedded gcc/bin/../lib/gcc/arm-none-eabi/9.2.1/thumb/v7e-m+fp/hard/crtbegin.o
                0x0000000020002b08                . = ALIGN (0x4)

.mem_section_dummy_ram

.log_dynamic_data
                0x0000000020002b08        0x0
                [!provide]                        PROVIDE (__start_log_dynamic_data = .)
 *(SORT_BY_NAME(.log_dynamic_data*))
                [!provide]                        PROVIDE (__stop_log_dynamic_data = .)

.log_filter_data
                0x0000000020002b08        0x0
                [!provide]                        PROVIDE (__start_log_filter_data = .)
 *(SORT_BY_NAME(.log_filter_data*))
                [!provide]                        PROVIDE (__stop_log_filter_data = .)

.cli_sorted_cmd_ptrs
                0x0000000020002b08        0x0
                [!provide]                        PROVIDE (__start_cli_sorted_cmd_ptrs = .)
 *(.cli_sorted_cmd_ptrs)
                [!provide]                        PROVIDE (__stop_cli_sorted_cmd_ptrs = .)

.fs_data        0x0000000020002b08        0x0
                [!provide]                        PROVIDE (__start_fs_data = .)
 *(.fs_data)
                [!provide]                        PROVIDE (__stop_fs_data = .)

.bss            0x0000000020002b08       0xc8 load address 0x0000000000027bc0
                0x0000000020002b08                . = ALIGN (0x4)
                0x0000000020002b08                __bss_start__ = .
 *(.bss*)
 .bss.completed.10274
                0x0000000020002b08        0x1 c:/eclipse/gnu mcu eclipse/arm embedded gcc/bin/../lib/gcc/arm-none-eabi/9.2.1/thumb/v7e-m+fp/hard/crtbegin.o
 *fill*         0x0000000020002b09        0x3 
 .bss.object.10279
                0x0000000020002b0c       0x18 c:/eclipse/gnu mcu eclipse/arm embedded gcc/bin/../lib/gcc/arm-none-eabi/9.2.1/thumb/v7e-m+fp/hard/crtbegin.o
 .bss.m_cb      0x0000000020002b24       0x2c _build/nrf52832_xxaa/nrfx_uart.c.o
 .bss.TWIS      0x0000000020002b50        0x1 _build/nrf52832_xxaa/main.cpp.o
                0x0000000020002b50                TWIS
 *fill*         0x0000000020002b51        0x3 
 .bss._ZN5_TWIS9rxBuffer0E
                0x0000000020002b54       0x3c _build/nrf52832_xxaa/TWIS.cpp.o
                0x0000000020002b54                _TWIS::rxBuffer0
 .bss._ZN5_TWIS9txBuffer0E
                0x0000000020002b90       0x3c _build/nrf52832_xxaa/TWIS.cpp.o
                0x0000000020002b90                _TWIS::txBuffer0
 *(COMMON)
 COMMON         0x0000000020002bcc        0x4 c:/eclipse/gnu mcu eclipse/arm embedded gcc/bin/../lib/gcc/arm-none-eabi/9.2.1/../../../../arm-none-eabi/lib/thumb/v7e-m+fp/hard\libg_nano.a(lib_a-reent.o)
                0x0000000020002bcc                errno
                0x0000000020002bd0                . = ALIGN (0x4)
                0x0000000020002bd0                __bss_end__ = .

.heap           0x0000000020002bd0     0x2000
                0x0000000020002bd0                __HeapBase = .
                0x0000000020002bd0                __end__ = .
                0x0000000020002bd0                PROVIDE (end = .)
 *(.heap*)
 .heap          0x0000000020002bd0     0x2000 _build/nrf52832_xxaa/gcc_startup_nrf52.S.o
                0x0000000020004bd0                __HeapLimit = .

.stack_dummy    0x0000000020002bd0     0x2000
 *(.stack*)
 .stack         0x0000000020002bd0     0x2000 _build/nrf52832_xxaa/gcc_startup_nrf52.S.o
                0x0000000020010000                __StackTop = (ORIGIN (RAM) + LENGTH (RAM))
                0x000000002000e000                __StackLimit = (__StackTop - SIZEOF (.stack_dummy))
                0x0000000020010000                PROVIDE (__stack = __StackTop)
                0x0000000000000001                ASSERT ((__StackLimit >= __HeapLimit), region RAM overflowed with stack)
                0x0000000000000070                DataInitFlashUsed = (__bss_start__ - __data_start__)
                0x0000000000001b50                CodeFlashUsed = (__etext - ORIGIN (FLASH))
                0x0000000000001bc0                TotalFlashUsed = (CodeFlashUsed + DataInitFlashUsed)
                0x0000000000000001                ASSERT ((TotalFlashUsed <= LENGTH (FLASH)), region FLASH overflowed with .data and user data)
OUTPUT(_build/nrf52832_xxaa.out elf32-littlearm)

.ARM.attributes
                0x0000000000000000       0x30
 .ARM.attributes
                0x0000000000000000       0x1e c:/eclipse/gnu mcu eclipse/arm embedded gcc/bin/../lib/gcc/arm-none-eabi/9.2.1/thumb/v7e-m+fp/hard/crti.o
 .ARM.attributes
                0x000000000000001e       0x34 c:/eclipse/gnu mcu eclipse/arm embedded gcc/bin/../lib/gcc/arm-none-eabi/9.2.1/thumb/v7e-m+fp/hard/crtbegin.o
 .ARM.attributes
                0x0000000000000052       0x1c c:/eclipse/gnu mcu eclipse/arm embedded gcc/bin/../lib/gcc/arm-none-eabi/9.2.1/../../../../arm-none-eabi/lib/thumb/v7e-m+fp/hard/crt0.o
 .ARM.attributes
                0x000000000000006e       0x20 _build/nrf52832_xxaa/gcc_startup_nrf52.S.o
 .ARM.attributes
                0x000000000000008e       0x34 _build/nrf52832_xxaa/system_nrf52.c.o
 .ARM.attributes
                0x00000000000000c2       0x34 _build/nrf52832_xxaa/nrfx_uart.c.o
 .ARM.attributes
                0x00000000000000f6       0x34 _build/nrf52832_xxaa/main.cpp.o
 .ARM.attributes
                0x000000000000012a       0x34 _build/nrf52832_xxaa/TWIS.cpp.o
 .ARM.attributes
                0x000000000000015e       0x34 c:/eclipse/gnu mcu eclipse/arm embedded gcc/bin/../lib/gcc/arm-none-eabi/9.2.1/../../../../arm-none-eabi/lib/thumb/v7e-m+fp/hard\libc_nano.a(lib_a-exit.o)
 .ARM.attributes
                0x0000000000000192       0x32 c:/eclipse/gnu mcu eclipse/arm embedded gcc/bin/../lib/gcc/arm-none-eabi/9.2.1/../../../../arm-none-eabi/lib/thumb/v7e-m+fp/hard\libc_nano.a(lib_a-impure.o)
 .ARM.attributes
                0x00000000000001c4       0x34 c:/eclipse/gnu mcu eclipse/arm embedded gcc/bin/../lib/gcc/arm-none-eabi/9.2.1/../../../../arm-none-eabi/lib/thumb/v7e-m+fp/hard\libc_nano.a(lib_a-init.o)
 .ARM.attributes
                0x00000000000001f8       0x34 c:/eclipse/gnu mcu eclipse/arm embedded gcc/bin/../lib/gcc/arm-none-eabi/9.2.1/../../../../arm-none-eabi/lib/thumb/v7e-m+fp/hard\libc_nano.a(lib_a-memset.o)
 .ARM.attributes
                0x000000000000022c       0x34 c:/eclipse/gnu mcu eclipse/arm embedded gcc/bin/../lib/gcc/arm-none-eabi/9.2.1/../../../../arm-none-eabi/lib/thumb/v7e-m+fp/hard\libnosys.a(_exit.o)
 .ARM.attributes
                0x0000000000000260       0x32 c:/eclipse/gnu mcu eclipse/arm embedded gcc/bin/../lib/gcc/arm-none-eabi/9.2.1/thumb/v7e-m+fp/hard/crtend.o
 .ARM.attributes
                0x0000000000000292       0x1e c:/eclipse/gnu mcu eclipse/arm embedded gcc/bin/../lib/gcc/arm-none-eabi/9.2.1/thumb/v7e-m+fp/hard/crtn.o

.comment        0x0000000000000000       0x66
 .comment       0x0000000000000000       0x66 _build/nrf52832_xxaa/system_nrf52.c.o
                                         0x67 (size before relaxing)
 .comment       0x0000000000000066       0x67 _build/nrf52832_xxaa/nrfx_uart.c.o
 .comment       0x0000000000000066       0x67 _build/nrf52832_xxaa/main.cpp.o
 .comment       0x0000000000000066       0x67 _build/nrf52832_xxaa/TWIS.cpp.o

.debug_line     0x0000000000000000     0x406f
 .debug_line    0x0000000000000000       0x8b _build/nrf52832_xxaa/gcc_startup_nrf52.S.o
 .debug_line    0x000000000000008b      0x910 _build/nrf52832_xxaa/system_nrf52.c.o
 .debug_line    0x000000000000099b     0x1e94 _build/nrf52832_xxaa/nrfx_uart.c.o
 .debug_line    0x000000000000282f      0x839 _build/nrf52832_xxaa/main.cpp.o
 .debug_line    0x0000000000003068     0x1007 _build/nrf52832_xxaa/TWIS.cpp.o

.debug_info     0x0000000000000000     0x75d4
 .debug_info    0x0000000000000000       0x26 _build/nrf52832_xxaa/gcc_startup_nrf52.S.o
 .debug_info    0x0000000000000026     0x1277 _build/nrf52832_xxaa/system_nrf52.c.o
 .debug_info    0x000000000000129d     0x4084 _build/nrf52832_xxaa/nrfx_uart.c.o
 .debug_info    0x0000000000005321      0xc56 _build/nrf52832_xxaa/main.cpp.o
 .debug_info    0x0000000000005f77     0x165d _build/nrf52832_xxaa/TWIS.cpp.o

.debug_abbrev   0x0000000000000000      0xd11
 .debug_abbrev  0x0000000000000000       0x14 _build/nrf52832_xxaa/gcc_startup_nrf52.S.o
 .debug_abbrev  0x0000000000000014      0x226 _build/nrf52832_xxaa/system_nrf52.c.o
 .debug_abbrev  0x000000000000023a      0x52d _build/nrf52832_xxaa/nrfx_uart.c.o
 .debug_abbrev  0x0000000000000767      0x293 _build/nrf52832_xxaa/main.cpp.o
 .debug_abbrev  0x00000000000009fa      0x317 _build/nrf52832_xxaa/TWIS.cpp.o

.debug_aranges  0x0000000000000000      0x138
 .debug_aranges
                0x0000000000000000       0x20 _build/nrf52832_xxaa/gcc_startup_nrf52.S.o
 .debug_aranges
                0x0000000000000020       0x28 _build/nrf52832_xxaa/system_nrf52.c.o
 .debug_aranges
                0x0000000000000048       0x78 _build/nrf52832_xxaa/nrfx_uart.c.o
 .debug_aranges
                0x00000000000000c0       0x20 _build/nrf52832_xxaa/main.cpp.o
 .debug_aranges
                0x00000000000000e0       0x58 _build/nrf52832_xxaa/TWIS.cpp.o

.debug_str      0x0000000000000000    0x7daf8
 .debug_str     0x0000000000000000       0x86 _build/nrf52832_xxaa/gcc_startup_nrf52.S.o
 .debug_str     0x0000000000000086    0x5bae7 _build/nrf52832_xxaa/system_nrf52.c.o
                                      0x5c5b9 (size before relaxing)
 .debug_str     0x000000000005bb6d    0x20789 _build/nrf52832_xxaa/nrfx_uart.c.o
                                      0x7dfb0 (size before relaxing)
 .debug_str     0x000000000007c2f6     0x161e _build/nrf52832_xxaa/main.cpp.o
                                      0x7aa72 (size before relaxing)
 .debug_str     0x000000000007d914      0x1e4 _build/nrf52832_xxaa/TWIS.cpp.o
                                      0x7ad6e (size before relaxing)

.debug_ranges   0x0000000000000000      0xc68
 .debug_ranges  0x0000000000000000      0x208 _build/nrf52832_xxaa/system_nrf52.c.o
 .debug_ranges  0x0000000000000208      0x968 _build/nrf52832_xxaa/nrfx_uart.c.o
 .debug_ranges  0x0000000000000b70       0x30 _build/nrf52832_xxaa/main.cpp.o
 .debug_ranges  0x0000000000000ba0       0xc8 _build/nrf52832_xxaa/TWIS.cpp.o

.debug_macro    0x0000000000000000     0x3af3
 .debug_macro   0x0000000000000000       0xfc _build/nrf52832_xxaa/system_nrf52.c.o
 .debug_macro   0x00000000000000fc      0x43e _build/nrf52832_xxaa/nrfx_uart.c.o
 .debug_macro   0x000000000000053a       0x28 _build/nrf52832_xxaa/nrfx_uart.c.o
 .debug_macro   0x0000000000000562       0x1c _build/nrf52832_xxaa/nrfx_uart.c.o
 .debug_macro   0x000000000000057e       0x1c _build/nrf52832_xxaa/nrfx_uart.c.o
 .debug_macro   0x000000000000059a      0x179 _build/nrf52832_xxaa/nrfx_uart.c.o
 .debug_macro   0x0000000000000713       0x42 _build/nrf52832_xxaa/nrfx_uart.c.o
 .debug_macro   0x0000000000000755      0x410 _build/nrf52832_xxaa/main.cpp.o
 .debug_macro   0x0000000000000b65      0xbce _build/nrf52832_xxaa/main.cpp.o
 .debug_macro   0x0000000000001733       0x1c _build/nrf52832_xxaa/main.cpp.o
 .debug_macro   0x000000000000174f       0x8e _build/nrf52832_xxaa/main.cpp.o
 .debug_macro   0x00000000000017dd      0x17b _build/nrf52832_xxaa/main.cpp.o
 .debug_macro   0x0000000000001958       0x16 _build/nrf52832_xxaa/main.cpp.o
 .debug_macro   0x000000000000196e      0xe66 _build/nrf52832_xxaa/main.cpp.o
 .debug_macro   0x00000000000027d4       0x16 _build/nrf52832_xxaa/main.cpp.o
 .debug_macro   0x00000000000027ea      0x79e _build/nrf52832_xxaa/main.cpp.o
 .debug_macro   0x0000000000002f88       0x34 _build/nrf52832_xxaa/main.cpp.o
 .debug_macro   0x0000000000002fbc       0x35 _build/nrf52832_xxaa/main.cpp.o
 .debug_macro   0x0000000000002ff1      0x35c _build/nrf52832_xxaa/main.cpp.o
 .debug_macro   0x000000000000334d       0x43 _build/nrf52832_xxaa/main.cpp.o
 .debug_macro   0x0000000000003390       0x1c _build/nrf52832_xxaa/main.cpp.o
 .debug_macro   0x00000000000033ac       0x52 _build/nrf52832_xxaa/main.cpp.o
 .debug_macro   0x00000000000033fe       0x40 _build/nrf52832_xxaa/main.cpp.o
 .debug_macro   0x000000000000343e       0x10 _build/nrf52832_xxaa/main.cpp.o
 .debug_macro   0x000000000000344e       0x40 _build/nrf52832_xxaa/main.cpp.o
 .debug_macro   0x000000000000348e       0xd7 _build/nrf52832_xxaa/main.cpp.o
 .debug_macro   0x0000000000003565       0x1c _build/nrf52832_xxaa/main.cpp.o
 .debug_macro   0x0000000000003581       0x3d _build/nrf52832_xxaa/main.cpp.o
 .debug_macro   0x00000000000035be      0x137 _build/nrf52832_xxaa/main.cpp.o
 .debug_macro   0x00000000000036f5      0x3fe _build/nrf52832_xxaa/TWIS.cpp.o

.debug_frame    0x0000000000000000      0x3a8
 .debug_frame   0x0000000000000000       0x40 _build/nrf52832_xxaa/system_nrf52.c.o
 .debug_frame   0x0000000000000040      0x194 _build/nrf52832_xxaa/nrfx_uart.c.o
 .debug_frame   0x00000000000001d4       0x30 _build/nrf52832_xxaa/main.cpp.o
 .debug_frame   0x0000000000000204      0x110 _build/nrf52832_xxaa/TWIS.cpp.o
 .debug_frame   0x0000000000000314       0x28 c:/eclipse/gnu mcu eclipse/arm embedded gcc/bin/../lib/gcc/arm-none-eabi/9.2.1/../../../../arm-none-eabi/lib/thumb/v7e-m+fp/hard\libc_nano.a(lib_a-exit.o)
 .debug_frame   0x000000000000033c       0x2c c:/eclipse/gnu mcu eclipse/arm embedded gcc/bin/../lib/gcc/arm-none-eabi/9.2.1/../../../../arm-none-eabi/lib/thumb/v7e-m+fp/hard\libc_nano.a(lib_a-init.o)
 .debug_frame   0x0000000000000368       0x20 c:/eclipse/gnu mcu eclipse/arm embedded gcc/bin/../lib/gcc/arm-none-eabi/9.2.1/../../../../arm-none-eabi/lib/thumb/v7e-m+fp/hard\libc_nano.a(lib_a-memset.o)
 .debug_frame   0x0000000000000388       0x20 c:/eclipse/gnu mcu eclipse/arm embedded gcc/bin/../lib/gcc/arm-none-eabi/9.2.1/../../../../arm-none-eabi/lib/thumb/v7e-m+fp/hard\libnosys.a(_exit.o)

.debug_loc      0x0000000000000000     0x2603
 .debug_loc     0x0000000000000000     0x1f29 _build/nrf52832_xxaa/nrfx_uart.c.o
 .debug_loc     0x0000000000001f29      0x6da _build/nrf52832_xxaa/TWIS.cpp.o

.stabstr        0x0000000000000000       0x76
 .stabstr       0x0000000000000000       0x76 c:/eclipse/gnu mcu eclipse/arm embedded gcc/bin/../lib/gcc/arm-none-eabi/9.2.1/../../../../arm-none-eabi/lib/thumb/v7e-m+fp/hard\libnosys.a(getpid.o)
